%%stdout%%
Result: module
	let __result__ = \x. (\y : int. ((x : int -> int) (y : int) : int) : int -> int)
end
%%stderr%%
