%%stdout%%
509
Result: module
	let __result__ = ()
end
%%stderr%%
