%%stdout%%
Result: module
	let __result__ = (Bar 3)
end
%%stderr%%
