%%stdout%%
3
Result: module
	let __result__ = ()
end
%%stderr%%
