%%stdout%%
"hello"Result: module
	let x = "hello"
	let __result__ = ()
end
%%stderr%%
