%%stdout%%
Result: module
	let __result__ = true
end
%%stderr%%
