%%stdout%%
Error: Unbound type variable: bar
%%stderr%%
