%%stdout%%
Error: Cannot unify types: 'typevar9 -> 'typevar9 and int
%%stderr%%
