%%stdout%%
Error: Cannot unify kinds: * and (* -> kindvar1)
%%stderr%%
