%%stdout%%
Result: module
	let __result__ = 42
end
%%stderr%%
