%%stdout%%
%%stderr%%
Fatal error: exception Typecheck.ImpossibleConstraint("Cannot unify types: unit and int")
