%%stdout%%
3
0
Result: module
	let __result__ = ((), ())
end
%%stderr%%
