%%stdout%%
Result: module
	let __result__ = 2
end
%%stderr%%
