%%stdout%%
-42
Result: module
	let __result__ = ()
end
%%stderr%%
