%%stdout%%
3
4
Result: module
	let __result__ = ()
end
%%stderr%%
