%%stdout%%
Result: module
	let __result__ = (Some 3)
end
%%stderr%%
