%%stdout%%
Result: module
	let __result__ = None
end
%%stderr%%
