%%stdout%%
Result: module
	let __result__ = (3, \x. 42)
end
%%stderr%%
