%%stdout%%
Result: module
	let __result__ = 3
end
%%stderr%%
