%%stdout%%
Result: module
	let __result__ = (4, 3)
end
%%stderr%%
