%%stdout%%
Result: module
	let __result__ = ((3, 4), (4, 3))
end
%%stderr%%
