%%stdout%%
Result: module
	let __result__ = ((Right 3), (Left 3))
end
%%stderr%%
