%%stdout%%
0
1
2
1
0
2
Result: module
	let __result__ = ()
end
%%stderr%%
