%%stdout%%
Result: module
	let __result__ = 81
end
%%stderr%%
