%%stdout%%
1
2
1
2
3
4
Result: module
	let __result__ = ()
end
%%stderr%%
