%%stdout%%
Result: module
	let __result__ = (3, (true, \x. x))
end
%%stderr%%
