%%stdout%%
Error: Cannot unify kinds: * and (* -> kindvar4)
%%stderr%%
