%%stdout%%
Error: Cannot unify types: either/0 and either/0 'typevar/0
%%stderr%%
