%%stdout%%
Result: module
	let __result__ = ()
end
%%stderr%%
