%%stdout%%
Error: Cannot unify types: 'typevar0 and 'typevar0 -> 'typevar1
%%stderr%%
