%%stdout%%
Error: Cannot unify types: (typevar3 with bar : int) and {foo : int}
%%stderr%%
