%%stdout%%
"it's empty"
"it's not empty"
%%stderr%%
